\BOOKMARK [0][-]{section*.1}{\376\377\000M\036\344\000C\000\040\000L\036\344\000C}{}% 1
\BOOKMARK [0][-]{section*.3}{\376\377\000D\000A\000N\000H\000\040\000M\036\344\000C\000\040\000H\000\314\000N\000H\000\040\000V\036\274}{}% 2
\BOOKMARK [0][-]{chapter*.5}{\376\377\000M\036\336\000\040\001\020\036\246\000U}{}% 3
\BOOKMARK [0][-]{chapter.1}{\376\377\000T\036\325\000n\000g\000\040\000q\000u\000a\000n\000\040\001\021\036\301\000\040\000t\000\340\000i}{}% 4
\BOOKMARK [1][-]{section.1.1}{\376\377\000B\000\340\000i\000\040\000t\000o\000\341\000n\000\040\000t\000\354\000m\000\040\001\021\001\260\036\335\000n\000g\000\040\001\021\000i\000\040\000n\000g\036\257\000n\000\040\000n\000h\036\245\000t\000\040\000v\000\340\000\040\000t\036\247\000m\000\040\000q\000u\000a\000n\000\040\000t\000r\036\315\000n\000g}{chapter.1}% 5
\BOOKMARK [1][-]{section.1.2}{\376\377\000T\036\325\000n\000g\000\040\000q\000u\000a\000n\000\040\000v\036\301\000\040\000m\000\364\000\040\000p\000h\036\317\000n\000g\000\040\001\021\036\323\000\040\000h\036\315\000a\000\040\000t\000h\036\335\000i\000\040\000g\000i\000a\000n\000\040\000t\000h\036\361\000c}{chapter.1}% 6
\BOOKMARK [1][-]{section.1.3}{\376\377\000M\036\345\000c\000\040\001\021\000\355\000c\000h\000\040\000t\000h\036\361\000c\000\040\000h\000i\036\307\000n\000\040\001\021\036\301\000\040\000t\000\340\000i}{chapter.1}% 7
\BOOKMARK [1][-]{section.1.4}{\376\377\000M\036\345\000c\000\040\000t\000i\000\352\000u\000\040\001\021\036\301\000\040\000t\000\340\000i}{chapter.1}% 8
\BOOKMARK [1][-]{section.1.5}{\376\377\000P\000h\036\241\000m\000\040\000v\000i\000\040\000v\000\340\000\040\001\021\036\321\000i\000\040\000t\001\260\036\343\000n\000g\000\040\000n\000g\000h\000i\000\352\000n\000\040\000c\036\351\000u}{chapter.1}% 9
\BOOKMARK [1][-]{section.1.6}{\376\377\000P\000h\001\260\001\241\000n\000g\000\040\000p\000h\000\341\000p\000\040\000n\000g\000h\000i\000\352\000n\000\040\000c\036\351\000u}{chapter.1}% 10
\BOOKMARK [0][-]{chapter.2}{\376\377\000C\001\241\000\040\000s\036\337\000\040\000l\000\375\000\040\000t\000h\000u\000y\036\277\000t}{}% 11
\BOOKMARK [1][-]{section.2.1}{\376\377\000\335\000\040\000t\001\260\036\337\000n\000g}{chapter.2}% 12
\BOOKMARK [1][-]{section.2.2}{\376\377\000C\000\341\000c\000\040\000k\000h\000\341\000i\000\040\000n\000i\036\307\000m\000\040\000n\036\301\000n\000\040\000t\036\243\000n\000g}{chapter.2}% 13
\BOOKMARK [2][-]{subsection.2.2.1}{\376\377\000T\036\325\000n\000g\000\040\000q\000u\000a\000n\000\040\000v\036\301\000\040\000l\000\375\000\040\000t\000h\000u\000y\036\277\000t\000\040\001\021\036\323\000\040\000t\000h\036\313\000\040\000\050\000G\000r\000a\000p\000h\000\040\000T\000h\000e\000o\000r\000y\000\051}{section.2.2}% 14
\BOOKMARK [2][-]{subsection.2.2.2}{\376\377\000L\000\375\000\040\000t\000h\000u\000y\036\277\000t\000\040\001\021\036\323\000\040\000t\000h\036\313\000\040\000c\000\363\000\040\000h\001\260\036\333\000n\000g\000\040\000\050\000D\000i\000r\000e\000c\000t\000e\000d\000\040\000G\000r\000a\000p\000h\000\051}{section.2.2}% 15
\BOOKMARK [2][-]{subsection.2.2.3}{\376\377\000N\000g\000u\000y\000\352\000n\000\040\000l\000\375\000\040\000n\036\333\000i\000\040\000l\036\317\000n\000g\000\040\000c\036\241\000n\000h\000\040\000\050\000R\000e\000l\000a\000x\000a\000t\000i\000o\000n\000\051}{section.2.2}% 16
\BOOKMARK [1][-]{section.2.3}{\376\377\000T\000h\000u\036\255\000t\000\040\000t\000o\000\341\000n\000\040\000D\000i\000j\000k\000s\000t\000r\000a}{chapter.2}% 17
\BOOKMARK [2][-]{subsection.2.3.1}{\376\377\000G\000i\036\333\000i\000\040\000t\000h\000i\036\307\000u}{section.2.3}% 18
\BOOKMARK [2][-]{subsection.2.3.2}{\376\377\000N\000g\000u\000y\000\352\000n\000\040\000l\000\375}{section.2.3}% 19
\BOOKMARK [2][-]{subsection.2.3.3}{\376\377\000C\000\341\000c\000\040\000b\001\260\036\333\000c\000\040\000t\000h\036\361\000c\000\040\000h\000i\036\307\000n}{section.2.3}% 20
\BOOKMARK [1][-]{section.2.4}{\376\377\000L\000\375\000\040\000t\000h\000u\000y\036\277\000t\000\040\001\021\036\323\000\040\000h\036\315\000a\000\040\000v\000\340\000\040\000t\000\355\000n\000h\000\040\000t\000o\000\341\000n\000\040\000t\036\315\000a\000\040\001\021\036\331\000\040\000v\000e\000c\000t\000o\000r}{chapter.2}% 21
\BOOKMARK [0][-]{chapter.3}{\376\377\000T\036\325\000\040\000c\000h\036\351\000c\000\040\000c\036\245\000u\000\040\000t\000r\000\372\000c\000\040\000d\036\357\000\040\000l\000i\036\307\000u\000\040\000v\000\340\000\040\000t\000h\000u\036\255\000t\000\040\000t\000o\000\341\000n}{}% 22
\BOOKMARK [1][-]{section.3.1}{\376\377\000P\000h\000\341\000t\000\040\000b\000i\036\303\000u\000\040\000b\000\340\000i\000\040\000t\000o\000\341\000n}{chapter.3}% 23
\BOOKMARK [1][-]{section.3.2}{\376\377\000C\036\245\000u\000\040\000t\000r\000\372\000c\000\040\000d\036\357\000\040\000l\000i\036\307\000u}{chapter.3}% 24
\BOOKMARK [1][-]{section.3.3}{\376\377\000T\000h\000u\036\255\000t\000\040\000t\000o\000\341\000n}{chapter.3}% 25
\BOOKMARK [0][-]{chapter.4}{\376\377\000C\000h\001\260\001\241\000n\000g\000\040\000t\000r\000\354\000n\000h\000\040\000v\000\340\000\040\000k\036\277\000t\000\040\000q\000u\036\243}{}% 26
\BOOKMARK [1][-]{section.4.1}{\376\377\000T\036\325\000\040\000c\000h\036\351\000c\000\040\000c\000h\001\260\001\241\000n\000g\000\040\000t\000r\000\354\000n\000h}{chapter.4}% 27
\BOOKMARK [1][-]{section.4.2}{\376\377\000N\000g\000\364\000n\000\040\000n\000g\036\357\000\040\000v\000\340\000\040\000t\000h\001\260\000\040\000v\000i\036\307\000n\000\040\000c\000\340\000i\000\040\001\021\036\267\000t}{chapter.4}% 28
\BOOKMARK [1][-]{section.4.3}{\376\377\000K\036\277\000t\000\040\000q\000u\036\243}{chapter.4}% 29
\BOOKMARK [2][-]{subsection.4.3.1}{\376\377\000G\000i\000a\000o\000\040\000d\000i\036\307\000n\000\040\000c\000h\000\355\000n\000h\000\040\000c\036\347\000a\000\040\000c\000h\001\260\001\241\000n\000g\000\040\000t\000r\000\354\000n\000h}{section.4.3}% 30
\BOOKMARK [2][-]{subsection.4.3.2}{\376\377\000K\036\277\000t\000\040\000q\000u\036\243\000\040\000t\000h\036\361\000c\000\040\000t\000h\000i\000\040\000c\036\347\000a\000\040\000c\000h\001\260\001\241\000n\000g\000\040\000t\000r\000\354\000n\000h}{section.4.3}% 31
\BOOKMARK [2][-]{subsection.4.3.3}{\376\377\000N\000h\036\255\000n\000\040\000x\000\351\000t\000\040\001\021\000\341\000n\000h\000\040\000g\000i\000\341}{section.4.3}% 32
\BOOKMARK [0][-]{chapter.5}{\376\377\000K\036\277\000t\000\040\000l\000u\036\255\000n\000\040\000v\000\340\000\040\000h\001\260\036\333\000n\000g\000\040\000p\000h\000\341\000t\000\040\000t\000r\000i\036\303\000n}{}% 33
\BOOKMARK [1][-]{section.5.1}{\376\377\000K\036\277\000t\000\040\000l\000u\036\255\000n}{chapter.5}% 34
\BOOKMARK [1][-]{section.5.2}{\376\377\000H\001\260\036\333\000n\000g\000\040\000p\000h\000\341\000t\000\040\000t\000r\000i\036\303\000n}{chapter.5}% 35
\BOOKMARK [0][-]{section.5.2}{\376\377\000T\000\300\000I\000\040\000L\000I\036\306\000U\000\040\000T\000H\000A\000M\000\040\000K\000H\036\242\000O}{}% 36
\BOOKMARK [0][-]{chapter*.12}{\376\377\000P\000H\036\344\000\040\000L\036\344\000C}{}% 37
